﻿[36mvite v7.3.1 [32mbuilding client environment for production...[36m[39m
transforming...
[32mΓ£ô[39m 18 modules transformed.
node.exe : 
[31mΓ£ù[39m Build 
failed in 859ms
At line:1 char:1
+ & "C:\Program 
Files\nodejs/node.exe" 
"C:\Users\tmric\AppData
\Roaming\ ...
+ ~~~~~~~~~~~~~~~~~~~~~
~~~~~~~~~~~~~~~~~~~~~~~
~~~~~~~~~~~~~~~~~~~~~~~
~~
    + CategoryInfo     
         : NotSpecifi  
  ed: ([31mΓ£ù[39m   
  Build failed in 8    
59ms:String) [], R    
emoteException
    + FullyQualifiedEr 
   rorId : NativeComm  
  andError
 
[31merror during 
build:
[31m[vite:esbuild] 
Transform failed with 
3 errors:
C:/Users/tmric/.gemini/
antigravity/scratch/dug
out-hero/src/pages/ProT
eamDashboard.jsx:3:9: 
ERROR: The symbol 
"useParams" has 
already been declared
C:/Users/tmric/.gemini/
antigravity/scratch/dug
out-hero/src/pages/ProT
eamDashboard.jsx:3:20: 
ERROR: The symbol 
"useNavigate" has 
already been declared
C:/Users/tmric/.gemini/
antigravity/scratch/dug
out-hero/src/pages/ProT
eamDashboard.jsx:3:33: 
ERROR: The symbol 
"Link" has already 
been declared[31m
file: [36mC:/Users/tmr
ic/.gemini/antigravity/
scratch/dugout-hero/src
/pages/ProTeamDashboard
.jsx:3:9[31m
[33m
[33mThe symbol 
"useParams" has 
already been 
declared[33m
1  |  import React, { 
useState, useEffect } 
from 'react';
2  |  import { 
useParams, 
useNavigate, Link } 
from 
'react-router-dom';
3  |  import { 
useParams, 
useNavigate, Link } 
from 
'react-router-dom';
   |           ^
4  |  import { 
collection, doc, 
onSnapshot, setDoc, 
updateDoc, deleteDoc, 
addDoc, query, where, 
getDoc, getDocs } from 
'fir...
5  |  import { db } 
from '../firebase';

[33mThe symbol 
"useNavigate" has 
already been 
declared[33m
1  |  import React, { 
useState, useEffect } 
from 'react';
2  |  import { 
useParams, 
useNavigate, Link } 
from 
'react-router-dom';
3  |  import { 
useParams, 
useNavigate, Link } 
from 
'react-router-dom';
   |                   
   ^
4  |  import { 
collection, doc, 
onSnapshot, setDoc, 
updateDoc, deleteDoc, 
addDoc, query, where, 
getDoc, getDocs } from 
'fir...
5  |  import { db } 
from '../firebase';

[33mThe symbol "Link" 
has already been 
declared[33m
1  |  import React, { 
useState, useEffect } 
from 'react';
2  |  import { 
useParams, 
useNavigate, Link } 
from 
'react-router-dom';
3  |  import { 
useParams, 
useNavigate, Link } 
from 
'react-router-dom';
   |                   
                ^
4  |  import { 
collection, doc, 
onSnapshot, setDoc, 
updateDoc, deleteDoc, 
addDoc, query, where, 
getDoc, getDocs } from 
'fir...
5  |  import { db } 
from '../firebase';
[31m
    at 
failureErrorWithLog (C:
\Users\tmric\.gemini\an
tigravity\scratch\dugou
t-hero\node_modules\esb
uild\lib\main.js:1467:1
5)
    at C:\Users\tmric\.
gemini\antigravity\scra
tch\dugout-hero\node_mo
dules\esbuild\lib\main.
js:736:50
    at responseCallback
s.<computed> (C:\Users\
tmric\.gemini\antigravi
ty\scratch\dugout-hero\
node_modules\esbuild\li
b\main.js:603:9)
    at 
handleIncomingPacket (C
:\Users\tmric\.gemini\a
ntigravity\scratch\dugo
ut-hero\node_modules\es
build\lib\main.js:658:1
2)
    at 
Socket.readFromStdout (
C:\Users\tmric\.gemini\
antigravity\scratch\dug
out-hero\node_modules\e
sbuild\lib\main.js:581:
7)
    at Socket.emit 
(node:events:508:28)
    at addChunk (node:i
nternal/streams/readabl
e:563:12)
    at readableAddChunk
PushByteMode (node:inte
rnal/streams/readable:5
14:3)
    at Readable.push (n
ode:internal/streams/re
adable:394:5)
    at 
Pipe.onStreamRead (node
:internal/stream_base_c
ommons:189:23)[39m
